auto-insurance @ desktop-1440
auto-insurance @ desktop-1280
auto-insurance @ desktop-1024
auto-insurance @ mobile-390
boat-insurance @ desktop-1440
boat-insurance @ desktop-1280
boat-insurance @ desktop-1024
boat-insurance @ mobile-390
bonding-insurance @ desktop-1440
bonding-insurance @ desktop-1280
bonding-insurance @ desktop-1024
bonding-insurance @ mobile-390
builders-developers-insurance @ desktop-1440
builders-developers-insurance @ desktop-1280
builders-developers-insurance @ desktop-1024
builders-developers-insurance @ mobile-390
builders-risk-insurance @ desktop-1440
builders-risk-insurance @ desktop-1280
builders-risk-insurance @ desktop-1024
builders-risk-insurance @ mobile-390
business-interruption-insurance @ desktop-1440
business-interruption-insurance @ desktop-1280
business-interruption-insurance @ desktop-1024
business-interruption-insurance @ mobile-390
cannabis-producer-insurance @ desktop-1440
cannabis-producer-insurance @ desktop-1280
cannabis-producer-insurance @ desktop-1024
cannabis-producer-insurance @ mobile-390
cannabis-retail-insurance @ desktop-1440
cannabis-retail-insurance @ desktop-1280
cannabis-retail-insurance @ desktop-1024
cannabis-retail-insurance @ mobile-390
cargo-freight-insurance @ desktop-1440
cargo-freight-insurance @ desktop-1280
cargo-freight-insurance @ desktop-1024
cargo-freight-insurance @ mobile-390
commercial-auto-insurance @ desktop-1440
commercial-auto-insurance @ desktop-1280
commercial-auto-insurance @ desktop-1024
commercial-auto-insurance @ mobile-390
commercial-insurance @ desktop-1440
commercial-insurance @ desktop-1280
commercial-insurance @ desktop-1024
commercial-insurance @ mobile-390
commercial-property-insurance @ desktop-1440
commercial-property-insurance @ desktop-1280
commercial-property-insurance @ desktop-1024
commercial-property-insurance @ mobile-390
condo-insurance @ desktop-1440
condo-insurance @ desktop-1280
condo-insurance @ desktop-1024
condo-insurance @ mobile-390
condominium-corporation-insurance @ desktop-1440
condominium-corporation-insurance @ desktop-1280
condominium-corporation-insurance @ desktop-1024
condominium-corporation-insurance @ mobile-390
contractors-insurance @ desktop-1440
contractors-insurance @ desktop-1280
contractors-insurance @ desktop-1024
contractors-insurance @ mobile-390
convenience-store-insurance @ desktop-1440
convenience-store-insurance @ desktop-1280
convenience-store-insurance @ desktop-1024
convenience-store-insurance @ mobile-390
cottage-insurance @ desktop-1440
cottage-insurance @ desktop-1280
cottage-insurance @ desktop-1024
cottage-insurance @ mobile-390
crime-fidelity-insurance @ desktop-1440
crime-fidelity-insurance @ desktop-1280
crime-fidelity-insurance @ desktop-1024
crime-fidelity-insurance @ mobile-390
cyber-insurance @ desktop-1440
cyber-insurance @ desktop-1280
cyber-insurance @ desktop-1024
cyber-insurance @ mobile-390
daycare-private-school-insurance @ desktop-1440
daycare-private-school-insurance @ desktop-1280
daycare-private-school-insurance @ desktop-1024
daycare-private-school-insurance @ mobile-390
directors-officers-insurance @ desktop-1440
directors-officers-insurance @ desktop-1280
directors-officers-insurance @ desktop-1024
directors-officers-insurance @ mobile-390
dump-truck-insurance @ desktop-1440
dump-truck-insurance @ desktop-1280
dump-truck-insurance @ desktop-1024
dump-truck-insurance @ mobile-390
employment-practices-liability-insurance @ desktop-1440
employment-practices-liability-insurance @ desktop-1280
employment-practices-liability-insurance @ desktop-1024
employment-practices-liability-insurance @ mobile-390
event-liability-insurance @ desktop-1440
event-liability-insurance @ desktop-1280
event-liability-insurance @ desktop-1024
event-liability-insurance @ mobile-390
farm-insurance @ desktop-1440
farm-insurance @ desktop-1280
farm-insurance @ desktop-1024
farm-insurance @ mobile-390
fitness-gym-insurance @ desktop-1440
fitness-gym-insurance @ desktop-1280
fitness-gym-insurance @ desktop-1024
fitness-gym-insurance @ mobile-390
food-truck-insurance @ desktop-1440
food-truck-insurance @ desktop-1280
food-truck-insurance @ desktop-1024
food-truck-insurance @ mobile-390
garage-dealership-insurance @ desktop-1440
garage-dealership-insurance @ desktop-1280
garage-dealership-insurance @ desktop-1024
garage-dealership-insurance @ mobile-390
greenhouse-agribusiness-insurance @ desktop-1440
greenhouse-agribusiness-insurance @ desktop-1280
greenhouse-agribusiness-insurance @ desktop-1024
greenhouse-agribusiness-insurance @ mobile-390
grocery-specialty-food-insurance @ desktop-1440
grocery-specialty-food-insurance @ desktop-1280
grocery-specialty-food-insurance @ desktop-1024
grocery-specialty-food-insurance @ mobile-390
group-home-auto-insurance @ desktop-1440
group-home-auto-insurance @ desktop-1280
group-home-auto-insurance @ desktop-1024
group-home-auto-insurance @ mobile-390
home-insurance @ desktop-1440
home-insurance @ desktop-1280
home-insurance @ desktop-1024
home-insurance @ mobile-390
home-sharing-insurance @ desktop-1440
home-sharing-insurance @ desktop-1280
home-sharing-insurance @ desktop-1024
home-sharing-insurance @ mobile-390
hotel-motel-insurance @ desktop-1440
hotel-motel-insurance @ desktop-1280
hotel-motel-insurance @ desktop-1024
hotel-motel-insurance @ mobile-390
landlord-insurance @ desktop-1440
landlord-insurance @ desktop-1280
landlord-insurance @ desktop-1024
landlord-insurance @ mobile-390
landscaping-snow-removal-insurance @ desktop-1440
landscaping-snow-removal-insurance @ desktop-1280
landscaping-snow-removal-insurance @ desktop-1024
landscaping-snow-removal-insurance @ mobile-390
life-insurance @ desktop-1440
life-insurance @ desktop-1280
life-insurance @ desktop-1024
life-insurance @ mobile-390
liquor-liability-insurance @ desktop-1440
liquor-liability-insurance @ desktop-1280
liquor-liability-insurance @ desktop-1024
liquor-liability-insurance @ mobile-390
manufacturing-insurance @ desktop-1440
manufacturing-insurance @ desktop-1280
manufacturing-insurance @ desktop-1024
manufacturing-insurance @ mobile-390
medical-dental-insurance @ desktop-1440
medical-dental-insurance @ desktop-1280
medical-dental-insurance @ desktop-1024
medical-dental-insurance @ mobile-390
mobile-home-insurance @ desktop-1440
mobile-home-insurance @ desktop-1280
mobile-home-insurance @ desktop-1024
mobile-home-insurance @ mobile-390
motorcycle-insurance @ desktop-1440
motorcycle-insurance @ desktop-1280
motorcycle-insurance @ desktop-1024
motorcycle-insurance @ mobile-390
non-profit-insurance @ desktop-1440
non-profit-insurance @ desktop-1280
non-profit-insurance @ desktop-1024
non-profit-insurance @ mobile-390
personal-umbrella-insurance @ desktop-1440
personal-umbrella-insurance @ desktop-1280
personal-umbrella-insurance @ desktop-1024
personal-umbrella-insurance @ mobile-390
pharmacy-insurance @ desktop-1440
pharmacy-insurance @ desktop-1280
pharmacy-insurance @ desktop-1024
pharmacy-insurance @ mobile-390
pollution-liability-insurance @ desktop-1440
pollution-liability-insurance @ desktop-1280
pollution-liability-insurance @ desktop-1024
pollution-liability-insurance @ mobile-390
product-recall-insurance @ desktop-1440
product-recall-insurance @ desktop-1280
product-recall-insurance @ desktop-1024
product-recall-insurance @ mobile-390
professional-liability-insurance @ desktop-1440
professional-liability-insurance @ desktop-1280
professional-liability-insurance @ desktop-1024
professional-liability-insurance @ mobile-390
professional-offices-insurance @ desktop-1440
professional-offices-insurance @ desktop-1280
professional-offices-insurance @ desktop-1024
professional-offices-insurance @ mobile-390
property-management-insurance @ desktop-1440
property-management-insurance @ desktop-1280
property-management-insurance @ desktop-1024
property-management-insurance @ mobile-390
real-estate-insurance @ desktop-1440
real-estate-insurance @ desktop-1280
real-estate-insurance @ desktop-1024
real-estate-insurance @ mobile-390
religious-organizations-insurance @ desktop-1440
religious-organizations-insurance @ desktop-1280
religious-organizations-insurance @ desktop-1024
religious-organizations-insurance @ mobile-390
restaurant-insurance @ desktop-1440
restaurant-insurance @ desktop-1280
restaurant-insurance @ desktop-1024
restaurant-insurance @ mobile-390
retail-insurance @ desktop-1440
retail-insurance @ desktop-1280
retail-insurance @ desktop-1024
retail-insurance @ mobile-390
salon-barber-insurance @ desktop-1440
salon-barber-insurance @ desktop-1280
salon-barber-insurance @ desktop-1024
salon-barber-insurance @ mobile-390
small-business-insurance @ desktop-1440
small-business-insurance @ desktop-1280
small-business-insurance @ desktop-1024
small-business-insurance @ mobile-390
tenant-insurance @ desktop-1440
tenant-insurance @ desktop-1280
tenant-insurance @ desktop-1024
tenant-insurance @ mobile-390
travel-insurance @ desktop-1440
travel-insurance @ desktop-1280
travel-insurance @ desktop-1024
travel-insurance @ mobile-390
trucking-insurance @ desktop-1440
trucking-insurance @ desktop-1280
trucking-insurance @ desktop-1024
trucking-insurance @ mobile-390
warehousing-insurance @ desktop-1440
warehousing-insurance @ desktop-1280
warehousing-insurance @ desktop-1024
warehousing-insurance @ mobile-390
{
  "totalChecks": 240,
  "explorerChecks": 236,
  "pass": 236,
  "fail": 0,
  "noExplorer": 4,
  "failures": []
}
EXIT:0
